Archive member included to satisfy reference by file (symbol)

../libopencm3/lib/libopencm3_stm32f7.a(gpio_common_all.o)
                              src/app.o (gpio_toggle)
../libopencm3/lib/libopencm3_stm32f7.a(gpio_common_f0234.o)
                              src/app.o (gpio_mode_setup)
../libopencm3/lib/libopencm3_stm32f7.a(rcc.o)
                              src/app.o (rcc_3v3)
../libopencm3/lib/libopencm3_stm32f7.a(rcc_common_all.o)
                              src/app.o (rcc_periph_clock_enable)
../libopencm3/lib/libopencm3_stm32f7.a(vector.o)
                              (reset_handler)
../libopencm3/lib/libopencm3_stm32f7.a(assert.o)
                              ../libopencm3/lib/libopencm3_stm32f7.a(rcc.o) (cm3_assert_failed)
../libopencm3/lib/libopencm3_stm32f7.a(flash_common_all.o)
                              ../libopencm3/lib/libopencm3_stm32f7.a(rcc.o) (flash_prefetch_enable)
../libopencm3/lib/libopencm3_stm32f7.a(flash.o)
                              ../libopencm3/lib/libopencm3_stm32f7.a(rcc.o) (flash_art_enable)
../libopencm3/lib/libopencm3_stm32f7.a(pwr.o)
                              ../libopencm3/lib/libopencm3_stm32f7.a(rcc.o) (pwr_set_vos_scale)
../libopencm3/lib/libopencm3_stm32f7.a(flash_common_f.o)
                              ../libopencm3/lib/libopencm3_stm32f7.a(flash.o) (flash_clear_eop_flag)
../libopencm3/lib/libopencm3_stm32f7.a(flash_common_f24.o)
                              ../libopencm3/lib/libopencm3_stm32f7.a(flash.o) (flash_clear_pgaerr_flag)

Discarded input sections

 .group         0x0000000000000000        0xc src/app.o
 .group         0x0000000000000000        0xc src/app.o
 .group         0x0000000000000000        0xc src/app.o
 .group         0x0000000000000000        0xc src/app.o
 .group         0x0000000000000000        0xc src/app.o
 .group         0x0000000000000000        0xc src/app.o
 .group         0x0000000000000000        0xc src/app.o
 .group         0x0000000000000000        0xc src/app.o
 .group         0x0000000000000000        0xc src/app.o
 .group         0x0000000000000000        0xc src/app.o
 .group         0x0000000000000000        0xc src/app.o
 .group         0x0000000000000000        0xc src/app.o
 .group         0x0000000000000000        0xc src/app.o
 .group         0x0000000000000000        0xc src/app.o
 .group         0x0000000000000000        0xc src/app.o
 .group         0x0000000000000000        0xc src/app.o
 .group         0x0000000000000000        0xc src/app.o
 .group         0x0000000000000000        0xc src/app.o
 .group         0x0000000000000000        0xc src/app.o
 .group         0x0000000000000000        0xc src/app.o
 .group         0x0000000000000000        0xc src/app.o
 .group         0x0000000000000000        0xc src/app.o
 .group         0x0000000000000000        0xc src/app.o
 .group         0x0000000000000000        0xc src/app.o
 .group         0x0000000000000000        0xc src/app.o
 .group         0x0000000000000000        0xc src/app.o
 .text          0x0000000000000000        0x0 src/app.o
 .data          0x0000000000000000        0x0 src/app.o
 .bss           0x0000000000000000        0x0 src/app.o
 .group         0x0000000000000000        0xc ../libopencm3/lib/libopencm3_stm32f7.a(gpio_common_all.o)
 .group         0x0000000000000000        0xc ../libopencm3/lib/libopencm3_stm32f7.a(gpio_common_all.o)
 .group         0x0000000000000000        0xc ../libopencm3/lib/libopencm3_stm32f7.a(gpio_common_all.o)
 .group         0x0000000000000000        0xc ../libopencm3/lib/libopencm3_stm32f7.a(gpio_common_all.o)
 .group         0x0000000000000000        0xc ../libopencm3/lib/libopencm3_stm32f7.a(gpio_common_all.o)
 .group         0x0000000000000000        0xc ../libopencm3/lib/libopencm3_stm32f7.a(gpio_common_all.o)
 .group         0x0000000000000000        0xc ../libopencm3/lib/libopencm3_stm32f7.a(gpio_common_all.o)
 .group         0x0000000000000000        0xc ../libopencm3/lib/libopencm3_stm32f7.a(gpio_common_all.o)
 .group         0x0000000000000000        0xc ../libopencm3/lib/libopencm3_stm32f7.a(gpio_common_all.o)
 .group         0x0000000000000000        0xc ../libopencm3/lib/libopencm3_stm32f7.a(gpio_common_all.o)
 .text          0x0000000000000000        0x0 ../libopencm3/lib/libopencm3_stm32f7.a(gpio_common_all.o)
 .data          0x0000000000000000        0x0 ../libopencm3/lib/libopencm3_stm32f7.a(gpio_common_all.o)
 .bss           0x0000000000000000        0x0 ../libopencm3/lib/libopencm3_stm32f7.a(gpio_common_all.o)
 .text.gpio_set
                0x0000000000000000        0x4 ../libopencm3/lib/libopencm3_stm32f7.a(gpio_common_all.o)
 .text.gpio_clear
                0x0000000000000000        0x6 ../libopencm3/lib/libopencm3_stm32f7.a(gpio_common_all.o)
 .text.gpio_get
                0x0000000000000000        0x6 ../libopencm3/lib/libopencm3_stm32f7.a(gpio_common_all.o)
 .text.gpio_port_read
                0x0000000000000000        0x6 ../libopencm3/lib/libopencm3_stm32f7.a(gpio_common_all.o)
 .text.gpio_port_write
                0x0000000000000000        0x4 ../libopencm3/lib/libopencm3_stm32f7.a(gpio_common_all.o)
 .text.gpio_port_config_lock
                0x0000000000000000       0x10 ../libopencm3/lib/libopencm3_stm32f7.a(gpio_common_all.o)
 .debug_macro   0x0000000000000000       0x1c ../libopencm3/lib/libopencm3_stm32f7.a(gpio_common_all.o)
 .debug_macro   0x0000000000000000       0xe8 ../libopencm3/lib/libopencm3_stm32f7.a(gpio_common_all.o)
 .debug_macro   0x0000000000000000       0x76 ../libopencm3/lib/libopencm3_stm32f7.a(gpio_common_all.o)
 .debug_macro   0x0000000000000000      0x2a0 ../libopencm3/lib/libopencm3_stm32f7.a(gpio_common_all.o)
 .debug_macro   0x0000000000000000       0x76 ../libopencm3/lib/libopencm3_stm32f7.a(gpio_common_all.o)
 .debug_macro   0x0000000000000000      0x37e ../libopencm3/lib/libopencm3_stm32f7.a(gpio_common_all.o)
 .debug_macro   0x0000000000000000       0xca ../libopencm3/lib/libopencm3_stm32f7.a(gpio_common_all.o)
 .group         0x0000000000000000        0xc ../libopencm3/lib/libopencm3_stm32f7.a(gpio_common_f0234.o)
 .group         0x0000000000000000        0xc ../libopencm3/lib/libopencm3_stm32f7.a(gpio_common_f0234.o)
 .group         0x0000000000000000        0xc ../libopencm3/lib/libopencm3_stm32f7.a(gpio_common_f0234.o)
 .group         0x0000000000000000        0xc ../libopencm3/lib/libopencm3_stm32f7.a(gpio_common_f0234.o)
 .group         0x0000000000000000        0xc ../libopencm3/lib/libopencm3_stm32f7.a(gpio_common_f0234.o)
 .group         0x0000000000000000        0xc ../libopencm3/lib/libopencm3_stm32f7.a(gpio_common_f0234.o)
 .group         0x0000000000000000        0xc ../libopencm3/lib/libopencm3_stm32f7.a(gpio_common_f0234.o)
 .group         0x0000000000000000        0xc ../libopencm3/lib/libopencm3_stm32f7.a(gpio_common_f0234.o)
 .group         0x0000000000000000        0xc ../libopencm3/lib/libopencm3_stm32f7.a(gpio_common_f0234.o)
 .group         0x0000000000000000        0xc ../libopencm3/lib/libopencm3_stm32f7.a(gpio_common_f0234.o)
 .text          0x0000000000000000        0x0 ../libopencm3/lib/libopencm3_stm32f7.a(gpio_common_f0234.o)
 .data          0x0000000000000000        0x0 ../libopencm3/lib/libopencm3_stm32f7.a(gpio_common_f0234.o)
 .bss           0x0000000000000000        0x0 ../libopencm3/lib/libopencm3_stm32f7.a(gpio_common_f0234.o)
 .text.gpio_set_output_options
                0x0000000000000000       0x36 ../libopencm3/lib/libopencm3_stm32f7.a(gpio_common_f0234.o)
 .text.gpio_set_af
                0x0000000000000000       0x58 ../libopencm3/lib/libopencm3_stm32f7.a(gpio_common_f0234.o)
 .debug_macro   0x0000000000000000      0xa6c ../libopencm3/lib/libopencm3_stm32f7.a(gpio_common_f0234.o)
 .debug_macro   0x0000000000000000       0x1c ../libopencm3/lib/libopencm3_stm32f7.a(gpio_common_f0234.o)
 .debug_macro   0x0000000000000000      0x34e ../libopencm3/lib/libopencm3_stm32f7.a(gpio_common_f0234.o)
 .debug_macro   0x0000000000000000       0x22 ../libopencm3/lib/libopencm3_stm32f7.a(gpio_common_f0234.o)
 .debug_macro   0x0000000000000000       0xe8 ../libopencm3/lib/libopencm3_stm32f7.a(gpio_common_f0234.o)
 .debug_macro   0x0000000000000000       0x76 ../libopencm3/lib/libopencm3_stm32f7.a(gpio_common_f0234.o)
 .debug_macro   0x0000000000000000      0x2a0 ../libopencm3/lib/libopencm3_stm32f7.a(gpio_common_f0234.o)
 .debug_macro   0x0000000000000000       0x76 ../libopencm3/lib/libopencm3_stm32f7.a(gpio_common_f0234.o)
 .debug_macro   0x0000000000000000      0x37e ../libopencm3/lib/libopencm3_stm32f7.a(gpio_common_f0234.o)
 .debug_macro   0x0000000000000000       0xca ../libopencm3/lib/libopencm3_stm32f7.a(gpio_common_f0234.o)
 .group         0x0000000000000000        0xc ../libopencm3/lib/libopencm3_stm32f7.a(rcc.o)
 .group         0x0000000000000000        0xc ../libopencm3/lib/libopencm3_stm32f7.a(rcc.o)
 .group         0x0000000000000000        0xc ../libopencm3/lib/libopencm3_stm32f7.a(rcc.o)
 .group         0x0000000000000000        0xc ../libopencm3/lib/libopencm3_stm32f7.a(rcc.o)
 .group         0x0000000000000000        0xc ../libopencm3/lib/libopencm3_stm32f7.a(rcc.o)
 .group         0x0000000000000000        0xc ../libopencm3/lib/libopencm3_stm32f7.a(rcc.o)
 .group         0x0000000000000000        0xc ../libopencm3/lib/libopencm3_stm32f7.a(rcc.o)
 .group         0x0000000000000000        0xc ../libopencm3/lib/libopencm3_stm32f7.a(rcc.o)
 .group         0x0000000000000000        0xc ../libopencm3/lib/libopencm3_stm32f7.a(rcc.o)
 .group         0x0000000000000000        0xc ../libopencm3/lib/libopencm3_stm32f7.a(rcc.o)
 .group         0x0000000000000000        0xc ../libopencm3/lib/libopencm3_stm32f7.a(rcc.o)
 .group         0x0000000000000000        0xc ../libopencm3/lib/libopencm3_stm32f7.a(rcc.o)
 .group         0x0000000000000000        0xc ../libopencm3/lib/libopencm3_stm32f7.a(rcc.o)
 .text          0x0000000000000000        0x0 ../libopencm3/lib/libopencm3_stm32f7.a(rcc.o)
 .data          0x0000000000000000        0x0 ../libopencm3/lib/libopencm3_stm32f7.a(rcc.o)
 .bss           0x0000000000000000        0x0 ../libopencm3/lib/libopencm3_stm32f7.a(rcc.o)
 .text.rcc_usart_i2c_clksel_freq
                0x0000000000000000       0x48 ../libopencm3/lib/libopencm3_stm32f7.a(rcc.o)
 .text.rcc_wait_for_sysclk_status.part.0
                0x0000000000000000       0x14 ../libopencm3/lib/libopencm3_stm32f7.a(rcc.o)
 .text.rcc_osc_ready_int_clear
                0x0000000000000000       0x54 ../libopencm3/lib/libopencm3_stm32f7.a(rcc.o)
 .text.rcc_osc_ready_int_enable
                0x0000000000000000       0x54 ../libopencm3/lib/libopencm3_stm32f7.a(rcc.o)
 .text.rcc_osc_ready_int_disable
                0x0000000000000000       0x54 ../libopencm3/lib/libopencm3_stm32f7.a(rcc.o)
 .text.rcc_osc_ready_int_flag
                0x0000000000000000       0x4c ../libopencm3/lib/libopencm3_stm32f7.a(rcc.o)
 .text.rcc_css_int_clear
                0x0000000000000000       0x14 ../libopencm3/lib/libopencm3_stm32f7.a(rcc.o)
 .text.rcc_css_int_flag
                0x0000000000000000       0x10 ../libopencm3/lib/libopencm3_stm32f7.a(rcc.o)
 .text.rcc_wait_for_osc_ready
                0x0000000000000000       0x50 ../libopencm3/lib/libopencm3_stm32f7.a(rcc.o)
 .text.rcc_wait_for_sysclk_status
                0x0000000000000000       0x30 ../libopencm3/lib/libopencm3_stm32f7.a(rcc.o)
 .text.rcc_osc_on
                0x0000000000000000       0x5c ../libopencm3/lib/libopencm3_stm32f7.a(rcc.o)
 .text.rcc_osc_off
                0x0000000000000000       0x5c ../libopencm3/lib/libopencm3_stm32f7.a(rcc.o)
 .text.rcc_css_enable
                0x0000000000000000       0x14 ../libopencm3/lib/libopencm3_stm32f7.a(rcc.o)
 .text.rcc_css_disable
                0x0000000000000000       0x14 ../libopencm3/lib/libopencm3_stm32f7.a(rcc.o)
 .text.rcc_set_sysclk_source
                0x0000000000000000       0x18 ../libopencm3/lib/libopencm3_stm32f7.a(rcc.o)
 .text.rcc_set_pll_source
                0x0000000000000000       0x18 ../libopencm3/lib/libopencm3_stm32f7.a(rcc.o)
 .text.rcc_set_ppre2
                0x0000000000000000       0x18 ../libopencm3/lib/libopencm3_stm32f7.a(rcc.o)
 .text.rcc_set_ppre1
                0x0000000000000000       0x18 ../libopencm3/lib/libopencm3_stm32f7.a(rcc.o)
 .text.rcc_set_hpre
                0x0000000000000000       0x18 ../libopencm3/lib/libopencm3_stm32f7.a(rcc.o)
 .text.rcc_set_rtcpre
                0x0000000000000000       0x18 ../libopencm3/lib/libopencm3_stm32f7.a(rcc.o)
 .text.rcc_set_main_pll_hsi
                0x0000000000000000       0x1c ../libopencm3/lib/libopencm3_stm32f7.a(rcc.o)
 .text.rcc_set_main_pll_hse
                0x0000000000000000       0x20 ../libopencm3/lib/libopencm3_stm32f7.a(rcc.o)
 .text.rcc_system_clock_source
                0x0000000000000000       0x10 ../libopencm3/lib/libopencm3_stm32f7.a(rcc.o)
 .text.rcc_clock_setup_hse
                0x0000000000000000       0xa4 ../libopencm3/lib/libopencm3_stm32f7.a(rcc.o)
 .text.rcc_clock_setup_hsi
                0x0000000000000000       0x8c ../libopencm3/lib/libopencm3_stm32f7.a(rcc.o)
 .text.rcc_get_usart_clk_freq
                0x0000000000000000       0x7c ../libopencm3/lib/libopencm3_stm32f7.a(rcc.o)
 .text.rcc_get_timer_clk_freq
                0x0000000000000000       0x34 ../libopencm3/lib/libopencm3_stm32f7.a(rcc.o)
 .text.rcc_get_i2c_clk_freq
                0x0000000000000000       0x38 ../libopencm3/lib/libopencm3_stm32f7.a(rcc.o)
 .text.rcc_get_spi_clk_freq
                0x0000000000000000       0x20 ../libopencm3/lib/libopencm3_stm32f7.a(rcc.o)
 .data.rcc_ahb_frequency
                0x0000000000000000        0x4 ../libopencm3/lib/libopencm3_stm32f7.a(rcc.o)
 .data.rcc_apb1_frequency
                0x0000000000000000        0x4 ../libopencm3/lib/libopencm3_stm32f7.a(rcc.o)
 .data.rcc_apb2_frequency
                0x0000000000000000        0x4 ../libopencm3/lib/libopencm3_stm32f7.a(rcc.o)
 .debug_macro   0x0000000000000000      0xa6c ../libopencm3/lib/libopencm3_stm32f7.a(rcc.o)
 .debug_macro   0x0000000000000000       0x1c ../libopencm3/lib/libopencm3_stm32f7.a(rcc.o)
 .debug_macro   0x0000000000000000      0x34e ../libopencm3/lib/libopencm3_stm32f7.a(rcc.o)
 .debug_macro   0x0000000000000000       0x22 ../libopencm3/lib/libopencm3_stm32f7.a(rcc.o)
 .debug_macro   0x0000000000000000       0xe8 ../libopencm3/lib/libopencm3_stm32f7.a(rcc.o)
 .debug_macro   0x0000000000000000       0x76 ../libopencm3/lib/libopencm3_stm32f7.a(rcc.o)
 .debug_macro   0x0000000000000000      0x2a0 ../libopencm3/lib/libopencm3_stm32f7.a(rcc.o)
 .debug_macro   0x0000000000000000      0x1dc ../libopencm3/lib/libopencm3_stm32f7.a(rcc.o)
 .debug_macro   0x0000000000000000      0xc6a ../libopencm3/lib/libopencm3_stm32f7.a(rcc.o)
 .group         0x0000000000000000        0xc ../libopencm3/lib/libopencm3_stm32f7.a(rcc_common_all.o)
 .group         0x0000000000000000        0xc ../libopencm3/lib/libopencm3_stm32f7.a(rcc_common_all.o)
 .group         0x0000000000000000        0xc ../libopencm3/lib/libopencm3_stm32f7.a(rcc_common_all.o)
 .group         0x0000000000000000        0xc ../libopencm3/lib/libopencm3_stm32f7.a(rcc_common_all.o)
 .group         0x0000000000000000        0xc ../libopencm3/lib/libopencm3_stm32f7.a(rcc_common_all.o)
 .group         0x0000000000000000        0xc ../libopencm3/lib/libopencm3_stm32f7.a(rcc_common_all.o)
 .group         0x0000000000000000        0xc ../libopencm3/lib/libopencm3_stm32f7.a(rcc_common_all.o)
 .group         0x0000000000000000        0xc ../libopencm3/lib/libopencm3_stm32f7.a(rcc_common_all.o)
 .group         0x0000000000000000        0xc ../libopencm3/lib/libopencm3_stm32f7.a(rcc_common_all.o)
 .text          0x0000000000000000        0x0 ../libopencm3/lib/libopencm3_stm32f7.a(rcc_common_all.o)
 .data          0x0000000000000000        0x0 ../libopencm3/lib/libopencm3_stm32f7.a(rcc_common_all.o)
 .bss           0x0000000000000000        0x0 ../libopencm3/lib/libopencm3_stm32f7.a(rcc_common_all.o)
 .text.rcc_peripheral_enable_clock
                0x0000000000000000        0x8 ../libopencm3/lib/libopencm3_stm32f7.a(rcc_common_all.o)
 .text.rcc_peripheral_disable_clock
                0x0000000000000000        0xa ../libopencm3/lib/libopencm3_stm32f7.a(rcc_common_all.o)
 .text.rcc_peripheral_reset
                0x0000000000000000        0x8 ../libopencm3/lib/libopencm3_stm32f7.a(rcc_common_all.o)
 .text.rcc_peripheral_clear_reset
                0x0000000000000000        0xa ../libopencm3/lib/libopencm3_stm32f7.a(rcc_common_all.o)
 .text.rcc_periph_clock_disable
                0x0000000000000000       0x1e ../libopencm3/lib/libopencm3_stm32f7.a(rcc_common_all.o)
 .text.rcc_periph_reset_pulse
                0x0000000000000000       0x24 ../libopencm3/lib/libopencm3_stm32f7.a(rcc_common_all.o)
 .text.rcc_periph_reset_hold
                0x0000000000000000        0x4 ../libopencm3/lib/libopencm3_stm32f7.a(rcc_common_all.o)
 .text.rcc_periph_reset_release
                0x0000000000000000        0x4 ../libopencm3/lib/libopencm3_stm32f7.a(rcc_common_all.o)
 .text.rcc_set_mco
                0x0000000000000000       0x18 ../libopencm3/lib/libopencm3_stm32f7.a(rcc_common_all.o)
 .text.rcc_osc_bypass_enable
                0x0000000000000000       0x30 ../libopencm3/lib/libopencm3_stm32f7.a(rcc_common_all.o)
 .text.rcc_osc_bypass_disable
                0x0000000000000000       0x30 ../libopencm3/lib/libopencm3_stm32f7.a(rcc_common_all.o)
 .text.rcc_get_div_from_hpre
                0x0000000000000000       0x1c ../libopencm3/lib/libopencm3_stm32f7.a(rcc_common_all.o)
 .debug_macro   0x0000000000000000      0xa6c ../libopencm3/lib/libopencm3_stm32f7.a(rcc_common_all.o)
 .debug_macro   0x0000000000000000       0x1c ../libopencm3/lib/libopencm3_stm32f7.a(rcc_common_all.o)
 .debug_macro   0x0000000000000000      0x34e ../libopencm3/lib/libopencm3_stm32f7.a(rcc_common_all.o)
 .debug_macro   0x0000000000000000       0x22 ../libopencm3/lib/libopencm3_stm32f7.a(rcc_common_all.o)
 .debug_macro   0x0000000000000000       0xe8 ../libopencm3/lib/libopencm3_stm32f7.a(rcc_common_all.o)
 .debug_macro   0x0000000000000000       0x76 ../libopencm3/lib/libopencm3_stm32f7.a(rcc_common_all.o)
 .debug_macro   0x0000000000000000      0x2a0 ../libopencm3/lib/libopencm3_stm32f7.a(rcc_common_all.o)
 .debug_macro   0x0000000000000000      0x1dc ../libopencm3/lib/libopencm3_stm32f7.a(rcc_common_all.o)
 .debug_macro   0x0000000000000000      0xc6a ../libopencm3/lib/libopencm3_stm32f7.a(rcc_common_all.o)
 .group         0x0000000000000000        0xc ../libopencm3/lib/libopencm3_stm32f7.a(vector.o)
 .group         0x0000000000000000        0xc ../libopencm3/lib/libopencm3_stm32f7.a(vector.o)
 .group         0x0000000000000000        0xc ../libopencm3/lib/libopencm3_stm32f7.a(vector.o)
 .group         0x0000000000000000        0xc ../libopencm3/lib/libopencm3_stm32f7.a(vector.o)
 .group         0x0000000000000000        0xc ../libopencm3/lib/libopencm3_stm32f7.a(vector.o)
 .group         0x0000000000000000        0xc ../libopencm3/lib/libopencm3_stm32f7.a(vector.o)
 .group         0x0000000000000000        0xc ../libopencm3/lib/libopencm3_stm32f7.a(vector.o)
 .group         0x0000000000000000        0xc ../libopencm3/lib/libopencm3_stm32f7.a(vector.o)
 .group         0x0000000000000000        0xc ../libopencm3/lib/libopencm3_stm32f7.a(vector.o)
 .text          0x0000000000000000        0x0 ../libopencm3/lib/libopencm3_stm32f7.a(vector.o)
 .data          0x0000000000000000        0x0 ../libopencm3/lib/libopencm3_stm32f7.a(vector.o)
 .bss           0x0000000000000000        0x0 ../libopencm3/lib/libopencm3_stm32f7.a(vector.o)
 .debug_macro   0x0000000000000000      0xa6c ../libopencm3/lib/libopencm3_stm32f7.a(vector.o)
 .debug_macro   0x0000000000000000       0x76 ../libopencm3/lib/libopencm3_stm32f7.a(vector.o)
 .debug_macro   0x0000000000000000       0x1c ../libopencm3/lib/libopencm3_stm32f7.a(vector.o)
 .debug_macro   0x0000000000000000      0x34e ../libopencm3/lib/libopencm3_stm32f7.a(vector.o)
 .debug_macro   0x0000000000000000       0x22 ../libopencm3/lib/libopencm3_stm32f7.a(vector.o)
 .debug_macro   0x0000000000000000       0xe8 ../libopencm3/lib/libopencm3_stm32f7.a(vector.o)
 .group         0x0000000000000000        0xc ../libopencm3/lib/libopencm3_stm32f7.a(assert.o)
 .group         0x0000000000000000        0xc ../libopencm3/lib/libopencm3_stm32f7.a(assert.o)
 .group         0x0000000000000000        0xc ../libopencm3/lib/libopencm3_stm32f7.a(assert.o)
 .group         0x0000000000000000        0xc ../libopencm3/lib/libopencm3_stm32f7.a(assert.o)
 .group         0x0000000000000000        0xc ../libopencm3/lib/libopencm3_stm32f7.a(assert.o)
 .group         0x0000000000000000        0xc ../libopencm3/lib/libopencm3_stm32f7.a(assert.o)
 .text          0x0000000000000000        0x0 ../libopencm3/lib/libopencm3_stm32f7.a(assert.o)
 .data          0x0000000000000000        0x0 ../libopencm3/lib/libopencm3_stm32f7.a(assert.o)
 .bss           0x0000000000000000        0x0 ../libopencm3/lib/libopencm3_stm32f7.a(assert.o)
 .text.cm3_assert_failed
                0x0000000000000000        0x2 ../libopencm3/lib/libopencm3_stm32f7.a(assert.o)
 .text.cm3_assert_failed_verbose
                0x0000000000000000        0x6 ../libopencm3/lib/libopencm3_stm32f7.a(assert.o)
 .debug_info    0x0000000000000000      0x104 ../libopencm3/lib/libopencm3_stm32f7.a(assert.o)
 .debug_abbrev  0x0000000000000000       0x98 ../libopencm3/lib/libopencm3_stm32f7.a(assert.o)
 .debug_loc     0x0000000000000000       0x94 ../libopencm3/lib/libopencm3_stm32f7.a(assert.o)
 .debug_aranges
                0x0000000000000000       0x28 ../libopencm3/lib/libopencm3_stm32f7.a(assert.o)
 .debug_ranges  0x0000000000000000       0x18 ../libopencm3/lib/libopencm3_stm32f7.a(assert.o)
 .debug_macro   0x0000000000000000       0x40 ../libopencm3/lib/libopencm3_stm32f7.a(assert.o)
 .debug_macro   0x0000000000000000      0xa6c ../libopencm3/lib/libopencm3_stm32f7.a(assert.o)
 .debug_macro   0x0000000000000000       0x1c ../libopencm3/lib/libopencm3_stm32f7.a(assert.o)
 .debug_macro   0x0000000000000000      0x34e ../libopencm3/lib/libopencm3_stm32f7.a(assert.o)
 .debug_macro   0x0000000000000000       0x22 ../libopencm3/lib/libopencm3_stm32f7.a(assert.o)
 .debug_macro   0x0000000000000000       0xe8 ../libopencm3/lib/libopencm3_stm32f7.a(assert.o)
 .debug_macro   0x0000000000000000       0x16 ../libopencm3/lib/libopencm3_stm32f7.a(assert.o)
 .debug_line    0x0000000000000000       0xee ../libopencm3/lib/libopencm3_stm32f7.a(assert.o)
 .debug_str     0x0000000000000000     0x3c2c ../libopencm3/lib/libopencm3_stm32f7.a(assert.o)
 .comment       0x0000000000000000       0x34 ../libopencm3/lib/libopencm3_stm32f7.a(assert.o)
 .debug_frame   0x0000000000000000       0x38 ../libopencm3/lib/libopencm3_stm32f7.a(assert.o)
 .ARM.attributes
                0x0000000000000000       0x34 ../libopencm3/lib/libopencm3_stm32f7.a(assert.o)
 .group         0x0000000000000000        0xc ../libopencm3/lib/libopencm3_stm32f7.a(flash_common_all.o)
 .group         0x0000000000000000        0xc ../libopencm3/lib/libopencm3_stm32f7.a(flash_common_all.o)
 .group         0x0000000000000000        0xc ../libopencm3/lib/libopencm3_stm32f7.a(flash_common_all.o)
 .group         0x0000000000000000        0xc ../libopencm3/lib/libopencm3_stm32f7.a(flash_common_all.o)
 .group         0x0000000000000000        0xc ../libopencm3/lib/libopencm3_stm32f7.a(flash_common_all.o)
 .group         0x0000000000000000        0xc ../libopencm3/lib/libopencm3_stm32f7.a(flash_common_all.o)
 .group         0x0000000000000000        0xc ../libopencm3/lib/libopencm3_stm32f7.a(flash_common_all.o)
 .group         0x0000000000000000        0xc ../libopencm3/lib/libopencm3_stm32f7.a(flash_common_all.o)
 .group         0x0000000000000000        0xc ../libopencm3/lib/libopencm3_stm32f7.a(flash_common_all.o)
 .group         0x0000000000000000        0xc ../libopencm3/lib/libopencm3_stm32f7.a(flash_common_all.o)
 .text          0x0000000000000000        0x0 ../libopencm3/lib/libopencm3_stm32f7.a(flash_common_all.o)
 .data          0x0000000000000000        0x0 ../libopencm3/lib/libopencm3_stm32f7.a(flash_common_all.o)
 .bss           0x0000000000000000        0x0 ../libopencm3/lib/libopencm3_stm32f7.a(flash_common_all.o)
 .text.flash_prefetch_enable
                0x0000000000000000       0x14 ../libopencm3/lib/libopencm3_stm32f7.a(flash_common_all.o)
 .text.flash_prefetch_disable
                0x0000000000000000       0x14 ../libopencm3/lib/libopencm3_stm32f7.a(flash_common_all.o)
 .text.flash_set_ws
                0x0000000000000000       0x18 ../libopencm3/lib/libopencm3_stm32f7.a(flash_common_all.o)
 .text.flash_unlock_option_bytes
                0x0000000000000000       0x1c ../libopencm3/lib/libopencm3_stm32f7.a(flash_common_all.o)
 .debug_info    0x0000000000000000       0xf0 ../libopencm3/lib/libopencm3_stm32f7.a(flash_common_all.o)
 .debug_abbrev  0x0000000000000000       0x9a ../libopencm3/lib/libopencm3_stm32f7.a(flash_common_all.o)
 .debug_loc     0x0000000000000000       0x47 ../libopencm3/lib/libopencm3_stm32f7.a(flash_common_all.o)
 .debug_aranges
                0x0000000000000000       0x38 ../libopencm3/lib/libopencm3_stm32f7.a(flash_common_all.o)
 .debug_ranges  0x0000000000000000       0x28 ../libopencm3/lib/libopencm3_stm32f7.a(flash_common_all.o)
 .debug_macro   0x0000000000000000       0x8e ../libopencm3/lib/libopencm3_stm32f7.a(flash_common_all.o)
 .debug_macro   0x0000000000000000      0xa6c ../libopencm3/lib/libopencm3_stm32f7.a(flash_common_all.o)
 .debug_macro   0x0000000000000000       0x1c ../libopencm3/lib/libopencm3_stm32f7.a(flash_common_all.o)
 .debug_macro   0x0000000000000000      0x34e ../libopencm3/lib/libopencm3_stm32f7.a(flash_common_all.o)
 .debug_macro   0x0000000000000000       0x22 ../libopencm3/lib/libopencm3_stm32f7.a(flash_common_all.o)
 .debug_macro   0x0000000000000000       0xe8 ../libopencm3/lib/libopencm3_stm32f7.a(flash_common_all.o)
 .debug_macro   0x0000000000000000       0x76 ../libopencm3/lib/libopencm3_stm32f7.a(flash_common_all.o)
 .debug_macro   0x0000000000000000      0x2a0 ../libopencm3/lib/libopencm3_stm32f7.a(flash_common_all.o)
 .debug_macro   0x0000000000000000       0x1c ../libopencm3/lib/libopencm3_stm32f7.a(flash_common_all.o)
 .debug_macro   0x0000000000000000      0x143 ../libopencm3/lib/libopencm3_stm32f7.a(flash_common_all.o)
 .debug_macro   0x0000000000000000       0x70 ../libopencm3/lib/libopencm3_stm32f7.a(flash_common_all.o)
 .debug_line    0x0000000000000000      0x246 ../libopencm3/lib/libopencm3_stm32f7.a(flash_common_all.o)
 .debug_str     0x0000000000000000     0x56f0 ../libopencm3/lib/libopencm3_stm32f7.a(flash_common_all.o)
 .comment       0x0000000000000000       0x34 ../libopencm3/lib/libopencm3_stm32f7.a(flash_common_all.o)
 .debug_frame   0x0000000000000000       0x50 ../libopencm3/lib/libopencm3_stm32f7.a(flash_common_all.o)
 .ARM.attributes
                0x0000000000000000       0x34 ../libopencm3/lib/libopencm3_stm32f7.a(flash_common_all.o)
 .group         0x0000000000000000        0xc ../libopencm3/lib/libopencm3_stm32f7.a(flash.o)
 .group         0x0000000000000000        0xc ../libopencm3/lib/libopencm3_stm32f7.a(flash.o)
 .group         0x0000000000000000        0xc ../libopencm3/lib/libopencm3_stm32f7.a(flash.o)
 .group         0x0000000000000000        0xc ../libopencm3/lib/libopencm3_stm32f7.a(flash.o)
 .group         0x0000000000000000        0xc ../libopencm3/lib/libopencm3_stm32f7.a(flash.o)
 .group         0x0000000000000000        0xc ../libopencm3/lib/libopencm3_stm32f7.a(flash.o)
 .group         0x0000000000000000        0xc ../libopencm3/lib/libopencm3_stm32f7.a(flash.o)
 .group         0x0000000000000000        0xc ../libopencm3/lib/libopencm3_stm32f7.a(flash.o)
 .group         0x0000000000000000        0xc ../libopencm3/lib/libopencm3_stm32f7.a(flash.o)
 .group         0x0000000000000000        0xc ../libopencm3/lib/libopencm3_stm32f7.a(flash.o)
 .text          0x0000000000000000        0x0 ../libopencm3/lib/libopencm3_stm32f7.a(flash.o)
 .data          0x0000000000000000        0x0 ../libopencm3/lib/libopencm3_stm32f7.a(flash.o)
 .bss           0x0000000000000000        0x0 ../libopencm3/lib/libopencm3_stm32f7.a(flash.o)
 .text.flash_wait_for_last_operation
                0x0000000000000000       0x14 ../libopencm3/lib/libopencm3_stm32f7.a(flash.o)
 .text.flash_clear_erserr_flag
                0x0000000000000000       0x14 ../libopencm3/lib/libopencm3_stm32f7.a(flash.o)
 .text.flash_clear_status_flags
                0x0000000000000000       0x1a ../libopencm3/lib/libopencm3_stm32f7.a(flash.o)
 .text.flash_art_enable
                0x0000000000000000       0x14 ../libopencm3/lib/libopencm3_stm32f7.a(flash.o)
 .text.flash_art_reset
                0x0000000000000000       0x14 ../libopencm3/lib/libopencm3_stm32f7.a(flash.o)
 .debug_info    0x0000000000000000      0x15b ../libopencm3/lib/libopencm3_stm32f7.a(flash.o)
 .debug_abbrev  0x0000000000000000       0xc5 ../libopencm3/lib/libopencm3_stm32f7.a(flash.o)
 .debug_aranges
                0x0000000000000000       0x40 ../libopencm3/lib/libopencm3_stm32f7.a(flash.o)
 .debug_ranges  0x0000000000000000       0x30 ../libopencm3/lib/libopencm3_stm32f7.a(flash.o)
 .debug_macro   0x0000000000000000       0x8e ../libopencm3/lib/libopencm3_stm32f7.a(flash.o)
 .debug_macro   0x0000000000000000      0xa6c ../libopencm3/lib/libopencm3_stm32f7.a(flash.o)
 .debug_macro   0x0000000000000000       0x1c ../libopencm3/lib/libopencm3_stm32f7.a(flash.o)
 .debug_macro   0x0000000000000000      0x34e ../libopencm3/lib/libopencm3_stm32f7.a(flash.o)
 .debug_macro   0x0000000000000000       0x22 ../libopencm3/lib/libopencm3_stm32f7.a(flash.o)
 .debug_macro   0x0000000000000000       0xe8 ../libopencm3/lib/libopencm3_stm32f7.a(flash.o)
 .debug_macro   0x0000000000000000       0x76 ../libopencm3/lib/libopencm3_stm32f7.a(flash.o)
 .debug_macro   0x0000000000000000      0x2a0 ../libopencm3/lib/libopencm3_stm32f7.a(flash.o)
 .debug_macro   0x0000000000000000       0x1c ../libopencm3/lib/libopencm3_stm32f7.a(flash.o)
 .debug_macro   0x0000000000000000      0x143 ../libopencm3/lib/libopencm3_stm32f7.a(flash.o)
 .debug_macro   0x0000000000000000       0x70 ../libopencm3/lib/libopencm3_stm32f7.a(flash.o)
 .debug_line    0x0000000000000000      0x263 ../libopencm3/lib/libopencm3_stm32f7.a(flash.o)
 .debug_str     0x0000000000000000     0x5763 ../libopencm3/lib/libopencm3_stm32f7.a(flash.o)
 .comment       0x0000000000000000       0x34 ../libopencm3/lib/libopencm3_stm32f7.a(flash.o)
 .debug_frame   0x0000000000000000       0x6c ../libopencm3/lib/libopencm3_stm32f7.a(flash.o)
 .ARM.attributes
                0x0000000000000000       0x34 ../libopencm3/lib/libopencm3_stm32f7.a(flash.o)
 .group         0x0000000000000000        0xc ../libopencm3/lib/libopencm3_stm32f7.a(pwr.o)
 .group         0x0000000000000000        0xc ../libopencm3/lib/libopencm3_stm32f7.a(pwr.o)
 .group         0x0000000000000000        0xc ../libopencm3/lib/libopencm3_stm32f7.a(pwr.o)
 .group         0x0000000000000000        0xc ../libopencm3/lib/libopencm3_stm32f7.a(pwr.o)
 .group         0x0000000000000000        0xc ../libopencm3/lib/libopencm3_stm32f7.a(pwr.o)
 .group         0x0000000000000000        0xc ../libopencm3/lib/libopencm3_stm32f7.a(pwr.o)
 .group         0x0000000000000000        0xc ../libopencm3/lib/libopencm3_stm32f7.a(pwr.o)
 .group         0x0000000000000000        0xc ../libopencm3/lib/libopencm3_stm32f7.a(pwr.o)
 .text          0x0000000000000000        0x0 ../libopencm3/lib/libopencm3_stm32f7.a(pwr.o)
 .data          0x0000000000000000        0x0 ../libopencm3/lib/libopencm3_stm32f7.a(pwr.o)
 .bss           0x0000000000000000        0x0 ../libopencm3/lib/libopencm3_stm32f7.a(pwr.o)
 .text.pwr_set_vos_scale
                0x0000000000000000       0x34 ../libopencm3/lib/libopencm3_stm32f7.a(pwr.o)
 .text.pwr_enable_overdrive
                0x0000000000000000       0x28 ../libopencm3/lib/libopencm3_stm32f7.a(pwr.o)
 .text.pwr_disable_overdrive
                0x0000000000000000       0x18 ../libopencm3/lib/libopencm3_stm32f7.a(pwr.o)
 .debug_info    0x0000000000000000       0xe7 ../libopencm3/lib/libopencm3_stm32f7.a(pwr.o)
 .debug_abbrev  0x0000000000000000       0x9f ../libopencm3/lib/libopencm3_stm32f7.a(pwr.o)
 .debug_aranges
                0x0000000000000000       0x30 ../libopencm3/lib/libopencm3_stm32f7.a(pwr.o)
 .debug_ranges  0x0000000000000000       0x20 ../libopencm3/lib/libopencm3_stm32f7.a(pwr.o)
 .debug_macro   0x0000000000000000       0x60 ../libopencm3/lib/libopencm3_stm32f7.a(pwr.o)
 .debug_macro   0x0000000000000000      0xa6c ../libopencm3/lib/libopencm3_stm32f7.a(pwr.o)
 .debug_macro   0x0000000000000000       0x1c ../libopencm3/lib/libopencm3_stm32f7.a(pwr.o)
 .debug_macro   0x0000000000000000      0x34e ../libopencm3/lib/libopencm3_stm32f7.a(pwr.o)
 .debug_macro   0x0000000000000000       0x22 ../libopencm3/lib/libopencm3_stm32f7.a(pwr.o)
 .debug_macro   0x0000000000000000       0xe8 ../libopencm3/lib/libopencm3_stm32f7.a(pwr.o)
 .debug_macro   0x0000000000000000       0x76 ../libopencm3/lib/libopencm3_stm32f7.a(pwr.o)
 .debug_macro   0x0000000000000000      0x2a0 ../libopencm3/lib/libopencm3_stm32f7.a(pwr.o)
 .debug_macro   0x0000000000000000      0x1dc ../libopencm3/lib/libopencm3_stm32f7.a(pwr.o)
 .debug_line    0x0000000000000000      0x20e ../libopencm3/lib/libopencm3_stm32f7.a(pwr.o)
 .debug_str     0x0000000000000000     0x56ae ../libopencm3/lib/libopencm3_stm32f7.a(pwr.o)
 .comment       0x0000000000000000       0x34 ../libopencm3/lib/libopencm3_stm32f7.a(pwr.o)
 .debug_frame   0x0000000000000000       0x40 ../libopencm3/lib/libopencm3_stm32f7.a(pwr.o)
 .ARM.attributes
                0x0000000000000000       0x34 ../libopencm3/lib/libopencm3_stm32f7.a(pwr.o)
 .group         0x0000000000000000        0xc ../libopencm3/lib/libopencm3_stm32f7.a(flash_common_f.o)
 .group         0x0000000000000000        0xc ../libopencm3/lib/libopencm3_stm32f7.a(flash_common_f.o)
 .group         0x0000000000000000        0xc ../libopencm3/lib/libopencm3_stm32f7.a(flash_common_f.o)
 .group         0x0000000000000000        0xc ../libopencm3/lib/libopencm3_stm32f7.a(flash_common_f.o)
 .group         0x0000000000000000        0xc ../libopencm3/lib/libopencm3_stm32f7.a(flash_common_f.o)
 .group         0x0000000000000000        0xc ../libopencm3/lib/libopencm3_stm32f7.a(flash_common_f.o)
 .group         0x0000000000000000        0xc ../libopencm3/lib/libopencm3_stm32f7.a(flash_common_f.o)
 .group         0x0000000000000000        0xc ../libopencm3/lib/libopencm3_stm32f7.a(flash_common_f.o)
 .group         0x0000000000000000        0xc ../libopencm3/lib/libopencm3_stm32f7.a(flash_common_f.o)
 .group         0x0000000000000000        0xc ../libopencm3/lib/libopencm3_stm32f7.a(flash_common_f.o)
 .text          0x0000000000000000        0x0 ../libopencm3/lib/libopencm3_stm32f7.a(flash_common_f.o)
 .data          0x0000000000000000        0x0 ../libopencm3/lib/libopencm3_stm32f7.a(flash_common_f.o)
 .bss           0x0000000000000000        0x0 ../libopencm3/lib/libopencm3_stm32f7.a(flash_common_f.o)
 .text.flash_unlock
                0x0000000000000000       0x1c ../libopencm3/lib/libopencm3_stm32f7.a(flash_common_f.o)
 .text.flash_lock
                0x0000000000000000       0x14 ../libopencm3/lib/libopencm3_stm32f7.a(flash_common_f.o)
 .text.flash_clear_eop_flag
                0x0000000000000000       0x14 ../libopencm3/lib/libopencm3_stm32f7.a(flash_common_f.o)
 .debug_info    0x0000000000000000       0xb2 ../libopencm3/lib/libopencm3_stm32f7.a(flash_common_f.o)
 .debug_abbrev  0x0000000000000000       0x56 ../libopencm3/lib/libopencm3_stm32f7.a(flash_common_f.o)
 .debug_aranges
                0x0000000000000000       0x30 ../libopencm3/lib/libopencm3_stm32f7.a(flash_common_f.o)
 .debug_ranges  0x0000000000000000       0x20 ../libopencm3/lib/libopencm3_stm32f7.a(flash_common_f.o)
 .debug_macro   0x0000000000000000       0x8e ../libopencm3/lib/libopencm3_stm32f7.a(flash_common_f.o)
 .debug_macro   0x0000000000000000      0xa6c ../libopencm3/lib/libopencm3_stm32f7.a(flash_common_f.o)
 .debug_macro   0x0000000000000000       0x1c ../libopencm3/lib/libopencm3_stm32f7.a(flash_common_f.o)
 .debug_macro   0x0000000000000000      0x34e ../libopencm3/lib/libopencm3_stm32f7.a(flash_common_f.o)
 .debug_macro   0x0000000000000000       0x22 ../libopencm3/lib/libopencm3_stm32f7.a(flash_common_f.o)
 .debug_macro   0x0000000000000000       0xe8 ../libopencm3/lib/libopencm3_stm32f7.a(flash_common_f.o)
 .debug_macro   0x0000000000000000       0x76 ../libopencm3/lib/libopencm3_stm32f7.a(flash_common_f.o)
 .debug_macro   0x0000000000000000      0x2a0 ../libopencm3/lib/libopencm3_stm32f7.a(flash_common_f.o)
 .debug_macro   0x0000000000000000       0x1c ../libopencm3/lib/libopencm3_stm32f7.a(flash_common_f.o)
 .debug_macro   0x0000000000000000      0x143 ../libopencm3/lib/libopencm3_stm32f7.a(flash_common_f.o)
 .debug_macro   0x0000000000000000       0x70 ../libopencm3/lib/libopencm3_stm32f7.a(flash_common_f.o)
 .debug_line    0x0000000000000000      0x210 ../libopencm3/lib/libopencm3_stm32f7.a(flash_common_f.o)
 .debug_str     0x0000000000000000     0x56c1 ../libopencm3/lib/libopencm3_stm32f7.a(flash_common_f.o)
 .comment       0x0000000000000000       0x34 ../libopencm3/lib/libopencm3_stm32f7.a(flash_common_f.o)
 .debug_frame   0x0000000000000000       0x40 ../libopencm3/lib/libopencm3_stm32f7.a(flash_common_f.o)
 .ARM.attributes
                0x0000000000000000       0x34 ../libopencm3/lib/libopencm3_stm32f7.a(flash_common_f.o)
 .group         0x0000000000000000        0xc ../libopencm3/lib/libopencm3_stm32f7.a(flash_common_f24.o)
 .group         0x0000000000000000        0xc ../libopencm3/lib/libopencm3_stm32f7.a(flash_common_f24.o)
 .group         0x0000000000000000        0xc ../libopencm3/lib/libopencm3_stm32f7.a(flash_common_f24.o)
 .group         0x0000000000000000        0xc ../libopencm3/lib/libopencm3_stm32f7.a(flash_common_f24.o)
 .group         0x0000000000000000        0xc ../libopencm3/lib/libopencm3_stm32f7.a(flash_common_f24.o)
 .group         0x0000000000000000        0xc ../libopencm3/lib/libopencm3_stm32f7.a(flash_common_f24.o)
 .group         0x0000000000000000        0xc ../libopencm3/lib/libopencm3_stm32f7.a(flash_common_f24.o)
 .group         0x0000000000000000        0xc ../libopencm3/lib/libopencm3_stm32f7.a(flash_common_f24.o)
 .group         0x0000000000000000        0xc ../libopencm3/lib/libopencm3_stm32f7.a(flash_common_f24.o)
 .group         0x0000000000000000        0xc ../libopencm3/lib/libopencm3_stm32f7.a(flash_common_f24.o)
 .text          0x0000000000000000        0x0 ../libopencm3/lib/libopencm3_stm32f7.a(flash_common_f24.o)
 .data          0x0000000000000000        0x0 ../libopencm3/lib/libopencm3_stm32f7.a(flash_common_f24.o)
 .bss           0x0000000000000000        0x0 ../libopencm3/lib/libopencm3_stm32f7.a(flash_common_f24.o)
 .text.flash_set_program_size
                0x0000000000000000       0x20 ../libopencm3/lib/libopencm3_stm32f7.a(flash_common_f24.o)
 .text.flash_clear_pgaerr_flag
                0x0000000000000000       0x14 ../libopencm3/lib/libopencm3_stm32f7.a(flash_common_f24.o)
 .text.flash_clear_pgperr_flag
                0x0000000000000000       0x14 ../libopencm3/lib/libopencm3_stm32f7.a(flash_common_f24.o)
 .text.flash_clear_wrperr_flag
                0x0000000000000000       0x14 ../libopencm3/lib/libopencm3_stm32f7.a(flash_common_f24.o)
 .text.flash_lock_option_bytes
                0x0000000000000000       0x14 ../libopencm3/lib/libopencm3_stm32f7.a(flash_common_f24.o)
 .text.flash_program_double_word
                0x0000000000000000       0x3c ../libopencm3/lib/libopencm3_stm32f7.a(flash_common_f24.o)
 .text.flash_program_word
                0x0000000000000000       0x38 ../libopencm3/lib/libopencm3_stm32f7.a(flash_common_f24.o)
 .text.flash_program_half_word
                0x0000000000000000       0x38 ../libopencm3/lib/libopencm3_stm32f7.a(flash_common_f24.o)
 .text.flash_program_byte
                0x0000000000000000       0x38 ../libopencm3/lib/libopencm3_stm32f7.a(flash_common_f24.o)
 .text.flash_program
                0x0000000000000000       0x1a ../libopencm3/lib/libopencm3_stm32f7.a(flash_common_f24.o)
 .text.flash_erase_sector
                0x0000000000000000       0x74 ../libopencm3/lib/libopencm3_stm32f7.a(flash_common_f24.o)
 .text.flash_erase_all_sectors
                0x0000000000000000       0x40 ../libopencm3/lib/libopencm3_stm32f7.a(flash_common_f24.o)
 .text.flash_program_option_bytes
                0x0000000000000000       0x38 ../libopencm3/lib/libopencm3_stm32f7.a(flash_common_f24.o)
 .debug_info    0x0000000000000000      0x442 ../libopencm3/lib/libopencm3_stm32f7.a(flash_common_f24.o)
 .debug_abbrev  0x0000000000000000      0x158 ../libopencm3/lib/libopencm3_stm32f7.a(flash_common_f24.o)
 .debug_loc     0x0000000000000000      0x31a ../libopencm3/lib/libopencm3_stm32f7.a(flash_common_f24.o)
 .debug_aranges
                0x0000000000000000       0x80 ../libopencm3/lib/libopencm3_stm32f7.a(flash_common_f24.o)
 .debug_ranges  0x0000000000000000       0x70 ../libopencm3/lib/libopencm3_stm32f7.a(flash_common_f24.o)
 .debug_macro   0x0000000000000000       0x8e ../libopencm3/lib/libopencm3_stm32f7.a(flash_common_f24.o)
 .debug_macro   0x0000000000000000      0xa6c ../libopencm3/lib/libopencm3_stm32f7.a(flash_common_f24.o)
 .debug_macro   0x0000000000000000       0x1c ../libopencm3/lib/libopencm3_stm32f7.a(flash_common_f24.o)
 .debug_macro   0x0000000000000000      0x34e ../libopencm3/lib/libopencm3_stm32f7.a(flash_common_f24.o)
 .debug_macro   0x0000000000000000       0x22 ../libopencm3/lib/libopencm3_stm32f7.a(flash_common_f24.o)
 .debug_macro   0x0000000000000000       0xe8 ../libopencm3/lib/libopencm3_stm32f7.a(flash_common_f24.o)
 .debug_macro   0x0000000000000000       0x76 ../libopencm3/lib/libopencm3_stm32f7.a(flash_common_f24.o)
 .debug_macro   0x0000000000000000      0x2a0 ../libopencm3/lib/libopencm3_stm32f7.a(flash_common_f24.o)
 .debug_macro   0x0000000000000000       0x1c ../libopencm3/lib/libopencm3_stm32f7.a(flash_common_f24.o)
 .debug_macro   0x0000000000000000      0x143 ../libopencm3/lib/libopencm3_stm32f7.a(flash_common_f24.o)
 .debug_macro   0x0000000000000000       0x70 ../libopencm3/lib/libopencm3_stm32f7.a(flash_common_f24.o)
 .debug_line    0x0000000000000000      0x490 ../libopencm3/lib/libopencm3_stm32f7.a(flash_common_f24.o)
 .debug_str     0x0000000000000000     0x5832 ../libopencm3/lib/libopencm3_stm32f7.a(flash_common_f24.o)
 .comment       0x0000000000000000       0x34 ../libopencm3/lib/libopencm3_stm32f7.a(flash_common_f24.o)
 .debug_frame   0x0000000000000000      0x14c ../libopencm3/lib/libopencm3_stm32f7.a(flash_common_f24.o)
 .ARM.attributes
                0x0000000000000000       0x34 ../libopencm3/lib/libopencm3_stm32f7.a(flash_common_f24.o)

Memory Configuration

Name             Origin             Length             Attributes
rom              0x0000000008000000 0x0000000000200000 xr
ram              0x0000000020000000 0x0000000000080000 xrw
*default*        0x0000000000000000 0xffffffffffffffff

Linker script and memory map

LOAD src/app.o
LOAD ../libopencm3/lib/libopencm3_stm32f7.a
START GROUP
LOAD /usr/lib/gcc/arm-none-eabi/10.3.1/../../../arm-none-eabi/lib/thumb/v7e-m+fp/hard/libc.a
LOAD /usr/lib/gcc/arm-none-eabi/10.3.1/thumb/v7e-m+fp/hard/libgcc.a
LOAD /usr/lib/gcc/arm-none-eabi/10.3.1/../../../arm-none-eabi/lib/thumb/v7e-m+fp/hard/libnosys.a
END GROUP
START GROUP
LOAD /usr/lib/gcc/arm-none-eabi/10.3.1/thumb/v7e-m+fp/hard/libgcc.a
LOAD /usr/lib/gcc/arm-none-eabi/10.3.1/../../../arm-none-eabi/lib/thumb/v7e-m+fp/hard/libg.a
LOAD /usr/lib/gcc/arm-none-eabi/10.3.1/../../../arm-none-eabi/lib/thumb/v7e-m+fp/hard/libc.a
END GROUP

.text           0x0000000008000000      0x3d8
 *(.vectors)
 .vectors       0x0000000008000000      0x1e0 ../libopencm3/lib/libopencm3_stm32f7.a(vector.o)
                0x0000000008000000                vector_table
 *(.text*)
 .text.startup.main
                0x00000000080001e0       0x3c src/app.o
                0x00000000080001e0                main
 .text.gpio_toggle
                0x000000000800021c       0x12 ../libopencm3/lib/libopencm3_stm32f7.a(gpio_common_all.o)
                0x000000000800021c                gpio_toggle
 .text.gpio_mode_setup
                0x000000000800022e       0x40 ../libopencm3/lib/libopencm3_stm32f7.a(gpio_common_f0234.o)
                0x000000000800022e                gpio_mode_setup
 .text.rcc_periph_clock_enable
                0x000000000800026e       0x1c ../libopencm3/lib/libopencm3_stm32f7.a(rcc_common_all.o)
                0x000000000800026e                rcc_periph_clock_enable
 .text.blocking_handler
                0x000000000800028a        0x2 ../libopencm3/lib/libopencm3_stm32f7.a(vector.o)
                0x000000000800028a                i2c4_ev_isr
                0x000000000800028a                dma2_stream1_isr
                0x000000000800028a                tim8_brk_tim12_isr
                0x000000000800028a                dma1_stream7_isr
                0x000000000800028a                usart3_isr
                0x000000000800028a                dfsdm1_flt3_isr
                0x000000000800028a                tim7_isr
                0x000000000800028a                dma2d_isr
                0x000000000800028a                uart8_isr
                0x000000000800028a                dma1_stream2_isr
                0x000000000800028a                dsihost_isr
                0x000000000800028a                i2c4_er_isr
                0x000000000800028a                otg_hs_isr
                0x000000000800028a                dfsdm1_flt2_isr
                0x000000000800028a                blocking_handler
                0x000000000800028a                tim5_isr
                0x000000000800028a                rtc_wkup_isr
                0x000000000800028a                otg_fs_isr
                0x000000000800028a                spi1_isr
                0x000000000800028a                i2c3_er_isr
                0x000000000800028a                exti2_isr
                0x000000000800028a                spi5_isr
                0x000000000800028a                usb_fs_wkup_isr
                0x000000000800028a                tamp_stamp_isr
                0x000000000800028a                can1_rx1_isr
                0x000000000800028a                dma2_stream0_isr
                0x000000000800028a                usart1_isr
                0x000000000800028a                i2c3_ev_isr
                0x000000000800028a                usage_fault_handler
                0x000000000800028a                can2_rx0_isr
                0x000000000800028a                dma1_stream6_isr
                0x000000000800028a                can2_rx1_isr
                0x000000000800028a                can1_sce_isr
                0x000000000800028a                tim1_cc_isr
                0x000000000800028a                can1_tx_isr
                0x000000000800028a                tim1_up_tim10_isr
                0x000000000800028a                eth_isr
                0x000000000800028a                spi6_isr
                0x000000000800028a                dma2_stream5_isr
                0x000000000800028a                pvd_isr
                0x000000000800028a                can1_rx0_isr
                0x000000000800028a                rcc_isr
                0x000000000800028a                dma2_stream3_isr
                0x000000000800028a                flash_isr
                0x000000000800028a                uart4_isr
                0x000000000800028a                lcd_tft_isr
                0x000000000800028a                rtc_alarm_isr
                0x000000000800028a                exti15_10_isr
                0x000000000800028a                hash_rng_isr
                0x000000000800028a                tim1_trg_com_tim11_isr
                0x000000000800028a                hard_fault_handler
                0x000000000800028a                exti1_isr
                0x000000000800028a                i2c1_ev_isr
                0x000000000800028a                usart6_isr
                0x000000000800028a                sdmmc2_isr
                0x000000000800028a                spi2_isr
                0x000000000800028a                cryp_isr
                0x000000000800028a                nvic_wwdg_isr
                0x000000000800028a                dma1_stream1_isr
                0x000000000800028a                dma2_stream4_isr
                0x000000000800028a                exti3_isr
                0x000000000800028a                tim3_isr
                0x000000000800028a                usart2_isr
                0x000000000800028a                sai1_isr
                0x000000000800028a                fpu_isr
                0x000000000800028a                dma1_stream4_isr
                0x000000000800028a                i2c2_er_isr
                0x000000000800028a                i2c2_ev_isr
                0x000000000800028a                dfsdm1_flt0_isr
                0x000000000800028a                uart5_isr
                0x000000000800028a                dma2_stream6_isr
                0x000000000800028a                spi4_isr
                0x000000000800028a                adc_isr
                0x000000000800028a                dma2_stream7_isr
                0x000000000800028a                tim8_up_tim13_isr
                0x000000000800028a                fsmc_isr
                0x000000000800028a                exti4_isr
                0x000000000800028a                tim6_dac_isr
                0x000000000800028a                spdifrx_isr
                0x000000000800028a                lp_timer1_isr
                0x000000000800028a                dma1_stream3_isr
                0x000000000800028a                tim8_trg_com_tim14_isr
                0x000000000800028a                mem_manage_handler
                0x000000000800028a                lcd_tft_err_isr
                0x000000000800028a                can2_tx_isr
                0x000000000800028a                exti9_5_isr
                0x000000000800028a                tim1_brk_tim9_isr
                0x000000000800028a                uart7_isr
                0x000000000800028a                can2_sce_isr
                0x000000000800028a                tim4_isr
                0x000000000800028a                hdmi_cec_isr
                0x000000000800028a                sai2_isr
                0x000000000800028a                otg_hs_wkup_isr
                0x000000000800028a                i2c1_er_isr
                0x000000000800028a                dma1_stream0_isr
                0x000000000800028a                tim8_cc_isr
                0x000000000800028a                dcmi_isr
                0x000000000800028a                dfsdm1_flt1_isr
                0x000000000800028a                dma2_stream2_isr
                0x000000000800028a                eth_wkup_isr
                0x000000000800028a                bus_fault_handler
                0x000000000800028a                otg_hs_ep1_out_isr
                0x000000000800028a                sdmmc1_isr
                0x000000000800028a                spi3_isr
                0x000000000800028a                quadspi_isr
                0x000000000800028a                dma1_stream5_isr
                0x000000000800028a                otg_hs_ep1_in_isr
                0x000000000800028a                tim2_isr
                0x000000000800028a                exti0_isr
 .text.null_handler
                0x000000000800028c        0x2 ../libopencm3/lib/libopencm3_stm32f7.a(vector.o)
                0x000000000800028c                null_handler
                0x000000000800028c                sv_call_handler
                0x000000000800028c                pend_sv_handler
                0x000000000800028c                debug_monitor_handler
                0x000000000800028c                sys_tick_handler
                0x000000000800028c                nmi_handler
 *fill*         0x000000000800028e        0x2 
 .text.reset_handler
                0x0000000008000290       0xa0 ../libopencm3/lib/libopencm3_stm32f7.a(vector.o)
                0x0000000008000290                reset_handler
                0x0000000008000330                . = ALIGN (0x4)
 *(.rodata*)
 .rodata.rcc_3v3
                0x0000000008000330       0xa8 ../libopencm3/lib/libopencm3_stm32f7.a(rcc.o)
                0x0000000008000330                rcc_3v3
                0x00000000080003d8                . = ALIGN (0x4)

.glue_7         0x00000000080003d8        0x0
 .glue_7        0x00000000080003d8        0x0 linker stubs

.glue_7t        0x00000000080003d8        0x0
 .glue_7t       0x00000000080003d8        0x0 linker stubs

.vfp11_veneer   0x00000000080003d8        0x0
 .vfp11_veneer  0x00000000080003d8        0x0 linker stubs

.v4_bx          0x00000000080003d8        0x0
 .v4_bx         0x00000000080003d8        0x0 linker stubs

.iplt           0x00000000080003d8        0x0
 .iplt          0x00000000080003d8        0x0 src/app.o

.rel.dyn        0x00000000080003d8        0x0
 .rel.iplt      0x00000000080003d8        0x0 src/app.o

.preinit_array  0x00000000080003d8        0x0
                0x00000000080003d8                . = ALIGN (0x4)
                0x00000000080003d8                __preinit_array_start = .
 *(.preinit_array)
                0x00000000080003d8                __preinit_array_end = .

.init_array     0x00000000080003d8        0x0
                0x00000000080003d8                . = ALIGN (0x4)
                0x00000000080003d8                __init_array_start = .
 *(SORT_BY_NAME(.init_array.*))
 *(.init_array)
                0x00000000080003d8                __init_array_end = .

.fini_array     0x00000000080003d8        0x0
                0x00000000080003d8                . = ALIGN (0x4)
                0x00000000080003d8                __fini_array_start = .
 *(.fini_array)
 *(SORT_BY_NAME(.fini_array.*))
                0x00000000080003d8                __fini_array_end = .

.ARM.extab
 *(.ARM.extab*)

.ARM.exidx      0x00000000080003d8        0x0
                0x00000000080003d8                __exidx_start = .
 *(.ARM.exidx*)
                0x00000000080003d8                __exidx_end = .
                0x00000000080003d8                . = ALIGN (0x4)
                0x00000000080003d8                _etext = .

.noinit
 *(.noinit*)
                0x00000000080003d8                . = ALIGN (0x4)

.data           0x0000000020000000        0x0 load address 0x00000000080003d8
                0x0000000020000000                _data = .
 *(.data*)
 *(.ramtext*)
                0x0000000020000000                . = ALIGN (0x4)
                0x0000000020000000                _edata = .
                0x00000000080003d8                _data_loadaddr = LOADADDR (.data)

.igot.plt       0x0000000020000000        0x0 load address 0x00000000080003d8
 .igot.plt      0x0000000020000000        0x0 src/app.o

.bss            0x0000000020000000        0x0 load address 0x00000000080003d8
 *(.bss*)
 *(COMMON)
                0x0000000020000000                . = ALIGN (0x4)
                0x0000000020000000                _ebss = .

/DISCARD/
 *(.eh_frame)
                0x0000000020000000                . = ALIGN (0x4)
                0x0000000020000000                end = .
                0x0000000020080000                PROVIDE (_stack = (ORIGIN (ram) + LENGTH (ram)))
OUTPUT(app.elf elf32-littlearm)
LOAD linker stubs

.debug_info     0x0000000000000000     0x28d3
 .debug_info    0x0000000000000000      0x7de src/app.o
 .debug_info    0x00000000000007de      0x24e ../libopencm3/lib/libopencm3_stm32f7.a(gpio_common_all.o)
 .debug_info    0x0000000000000a2c      0x20f ../libopencm3/lib/libopencm3_stm32f7.a(gpio_common_f0234.o)
 .debug_info    0x0000000000000c3b     0x102f ../libopencm3/lib/libopencm3_stm32f7.a(rcc.o)
 .debug_info    0x0000000000001c6a      0x983 ../libopencm3/lib/libopencm3_stm32f7.a(rcc_common_all.o)
 .debug_info    0x00000000000025ed      0x2e6 ../libopencm3/lib/libopencm3_stm32f7.a(vector.o)

.debug_abbrev   0x0000000000000000      0x9f0
 .debug_abbrev  0x0000000000000000      0x1ea src/app.o
 .debug_abbrev  0x00000000000001ea      0x116 ../libopencm3/lib/libopencm3_stm32f7.a(gpio_common_all.o)
 .debug_abbrev  0x0000000000000300       0xbf ../libopencm3/lib/libopencm3_stm32f7.a(gpio_common_f0234.o)
 .debug_abbrev  0x00000000000003bf      0x35f ../libopencm3/lib/libopencm3_stm32f7.a(rcc.o)
 .debug_abbrev  0x000000000000071e      0x177 ../libopencm3/lib/libopencm3_stm32f7.a(rcc_common_all.o)
 .debug_abbrev  0x0000000000000895      0x15b ../libopencm3/lib/libopencm3_stm32f7.a(vector.o)

.debug_loclists
                0x0000000000000000       0x47
 .debug_loclists
                0x0000000000000000       0x47 src/app.o

.debug_aranges  0x0000000000000000      0x230
 .debug_aranges
                0x0000000000000000       0x20 src/app.o
 .debug_aranges
                0x0000000000000020       0x50 ../libopencm3/lib/libopencm3_stm32f7.a(gpio_common_all.o)
 .debug_aranges
                0x0000000000000070       0x30 ../libopencm3/lib/libopencm3_stm32f7.a(gpio_common_f0234.o)
 .debug_aranges
                0x00000000000000a0      0x100 ../libopencm3/lib/libopencm3_stm32f7.a(rcc.o)
 .debug_aranges
                0x00000000000001a0       0x60 ../libopencm3/lib/libopencm3_stm32f7.a(rcc_common_all.o)
 .debug_aranges
                0x0000000000000200       0x30 ../libopencm3/lib/libopencm3_stm32f7.a(vector.o)

.debug_rnglists
                0x0000000000000000       0x37
 .debug_rnglists
                0x0000000000000000       0x37 src/app.o

.debug_macro    0x0000000000000000     0x454b
 .debug_macro   0x0000000000000000      0x19c src/app.o
 .debug_macro   0x000000000000019c      0xae4 src/app.o
 .debug_macro   0x0000000000000c80       0x10 src/app.o
 .debug_macro   0x0000000000000c90       0x1c src/app.o
 .debug_macro   0x0000000000000cac       0x10 src/app.o
 .debug_macro   0x0000000000000cbc       0xfe src/app.o
 .debug_macro   0x0000000000000dba       0x1c src/app.o
 .debug_macro   0x0000000000000dd6       0x43 src/app.o
 .debug_macro   0x0000000000000e19      0x1ca src/app.o
 .debug_macro   0x0000000000000fe3       0x10 src/app.o
 .debug_macro   0x0000000000000ff3       0x7b src/app.o
 .debug_macro   0x000000000000106e       0x40 src/app.o
 .debug_macro   0x00000000000010ae       0x58 src/app.o
 .debug_macro   0x0000000000001106       0x5e src/app.o
 .debug_macro   0x0000000000001164       0xf4 src/app.o
 .debug_macro   0x0000000000001258       0x10 src/app.o
 .debug_macro   0x0000000000001268       0x16 src/app.o
 .debug_macro   0x000000000000127e      0x1b8 src/app.o
 .debug_macro   0x0000000000001436       0x22 src/app.o
 .debug_macro   0x0000000000001458       0xe8 src/app.o
 .debug_macro   0x0000000000001540       0x76 src/app.o
 .debug_macro   0x00000000000015b6      0x2a0 src/app.o
 .debug_macro   0x0000000000001856      0x1dc src/app.o
 .debug_macro   0x0000000000001a32      0xc6a src/app.o
 .debug_macro   0x000000000000269c       0x76 src/app.o
 .debug_macro   0x0000000000002712      0x37e src/app.o
 .debug_macro   0x0000000000002a90       0xca src/app.o
 .debug_macro   0x0000000000002b5a       0x88 ../libopencm3/lib/libopencm3_stm32f7.a(gpio_common_all.o)
 .debug_macro   0x0000000000002be2      0xa6c ../libopencm3/lib/libopencm3_stm32f7.a(gpio_common_all.o)
 .debug_macro   0x000000000000364e      0x34e ../libopencm3/lib/libopencm3_stm32f7.a(gpio_common_all.o)
 .debug_macro   0x000000000000399c       0x22 ../libopencm3/lib/libopencm3_stm32f7.a(gpio_common_all.o)
 .debug_macro   0x00000000000039be       0x88 ../libopencm3/lib/libopencm3_stm32f7.a(gpio_common_f0234.o)
 .debug_macro   0x0000000000003a46       0xc8 ../libopencm3/lib/libopencm3_stm32f7.a(rcc.o)
 .debug_macro   0x0000000000003b0e       0x16 ../libopencm3/lib/libopencm3_stm32f7.a(rcc.o)
 .debug_macro   0x0000000000003b24       0x1c ../libopencm3/lib/libopencm3_stm32f7.a(rcc.o)
 .debug_macro   0x0000000000003b40      0x143 ../libopencm3/lib/libopencm3_stm32f7.a(rcc.o)
 .debug_macro   0x0000000000003c83       0x70 ../libopencm3/lib/libopencm3_stm32f7.a(rcc.o)
 .debug_macro   0x0000000000003cf3       0x94 ../libopencm3/lib/libopencm3_stm32f7.a(rcc_common_all.o)
 .debug_macro   0x0000000000003d87       0x8a ../libopencm3/lib/libopencm3_stm32f7.a(vector.o)
 .debug_macro   0x0000000000003e11      0x452 ../libopencm3/lib/libopencm3_stm32f7.a(vector.o)
 .debug_macro   0x0000000000004263       0x6e ../libopencm3/lib/libopencm3_stm32f7.a(vector.o)
 .debug_macro   0x00000000000042d1      0x27a ../libopencm3/lib/libopencm3_stm32f7.a(vector.o)

.debug_line     0x0000000000000000     0x1b04
 .debug_line    0x0000000000000000      0x564 src/app.o
 .debug_line    0x0000000000000564      0x2a6 ../libopencm3/lib/libopencm3_stm32f7.a(gpio_common_all.o)
 .debug_line    0x000000000000080a      0x386 ../libopencm3/lib/libopencm3_stm32f7.a(gpio_common_f0234.o)
 .debug_line    0x0000000000000b90      0x96f ../libopencm3/lib/libopencm3_stm32f7.a(rcc.o)
 .debug_line    0x00000000000014ff      0x2e8 ../libopencm3/lib/libopencm3_stm32f7.a(rcc_common_all.o)
 .debug_line    0x00000000000017e7      0x31d ../libopencm3/lib/libopencm3_stm32f7.a(vector.o)

.debug_str      0x0000000000000000    0x11117
 .debug_str     0x0000000000000000     0xc2ea src/app.o
                                       0xc4a8 (size before relaxing)
 .debug_str     0x000000000000c2ea      0xca7 ../libopencm3/lib/libopencm3_stm32f7.a(gpio_common_all.o)
                                       0x620f (size before relaxing)
 .debug_str     0x000000000000cf91       0x8a ../libopencm3/lib/libopencm3_stm32f7.a(gpio_common_f0234.o)
                                       0x6227 (size before relaxing)
 .debug_str     0x000000000000d01b      0xccc ../libopencm3/lib/libopencm3_stm32f7.a(rcc.o)
                                       0xa10b (size before relaxing)
 .debug_str     0x000000000000dce7      0x433 ../libopencm3/lib/libopencm3_stm32f7.a(rcc_common_all.o)
                                       0x976a (size before relaxing)
 .debug_str     0x000000000000e11a     0x2ffd ../libopencm3/lib/libopencm3_stm32f7.a(vector.o)
                                       0x6d26 (size before relaxing)

.comment        0x0000000000000000       0x78
 .comment       0x0000000000000000       0x45 src/app.o
                                         0x46 (size before relaxing)
 .comment       0x0000000000000045       0x33 ../libopencm3/lib/libopencm3_stm32f7.a(gpio_common_all.o)
                                         0x34 (size before relaxing)
 .comment       0x0000000000000078       0x34 ../libopencm3/lib/libopencm3_stm32f7.a(gpio_common_f0234.o)
 .comment       0x0000000000000078       0x34 ../libopencm3/lib/libopencm3_stm32f7.a(rcc.o)
 .comment       0x0000000000000078       0x34 ../libopencm3/lib/libopencm3_stm32f7.a(rcc_common_all.o)
 .comment       0x0000000000000078       0x34 ../libopencm3/lib/libopencm3_stm32f7.a(vector.o)

.note.GNU-stack
                0x0000000000000000        0x0
 .note.GNU-stack
                0x0000000000000000        0x0 src/app.o

.ARM.attributes
                0x0000000000000000       0x34
 .ARM.attributes
                0x0000000000000000       0x34 src/app.o
 .ARM.attributes
                0x0000000000000034       0x34 ../libopencm3/lib/libopencm3_stm32f7.a(gpio_common_all.o)
 .ARM.attributes
                0x0000000000000068       0x34 ../libopencm3/lib/libopencm3_stm32f7.a(gpio_common_f0234.o)
 .ARM.attributes
                0x000000000000009c       0x34 ../libopencm3/lib/libopencm3_stm32f7.a(rcc.o)
 .ARM.attributes
                0x00000000000000d0       0x34 ../libopencm3/lib/libopencm3_stm32f7.a(rcc_common_all.o)
 .ARM.attributes
                0x0000000000000104       0x34 ../libopencm3/lib/libopencm3_stm32f7.a(vector.o)

.debug_frame    0x0000000000000000      0x450
 .debug_frame   0x0000000000000000       0x28 src/app.o
 .debug_frame   0x0000000000000028       0x80 ../libopencm3/lib/libopencm3_stm32f7.a(gpio_common_all.o)
 .debug_frame   0x00000000000000a8       0x70 ../libopencm3/lib/libopencm3_stm32f7.a(gpio_common_f0234.o)
 .debug_frame   0x0000000000000118      0x20c ../libopencm3/lib/libopencm3_stm32f7.a(rcc.o)
 .debug_frame   0x0000000000000324       0xe0 ../libopencm3/lib/libopencm3_stm32f7.a(rcc_common_all.o)
 .debug_frame   0x0000000000000404       0x4c ../libopencm3/lib/libopencm3_stm32f7.a(vector.o)

.debug_loc      0x0000000000000000      0xb46
 .debug_loc     0x0000000000000000       0xbe ../libopencm3/lib/libopencm3_stm32f7.a(gpio_common_all.o)
 .debug_loc     0x00000000000000be      0x14f ../libopencm3/lib/libopencm3_stm32f7.a(gpio_common_f0234.o)
 .debug_loc     0x000000000000020d      0x6f1 ../libopencm3/lib/libopencm3_stm32f7.a(rcc.o)
 .debug_loc     0x00000000000008fe      0x120 ../libopencm3/lib/libopencm3_stm32f7.a(rcc_common_all.o)
 .debug_loc     0x0000000000000a1e      0x128 ../libopencm3/lib/libopencm3_stm32f7.a(vector.o)

.debug_ranges   0x0000000000000000      0x208
 .debug_ranges  0x0000000000000000       0x40 ../libopencm3/lib/libopencm3_stm32f7.a(gpio_common_all.o)
 .debug_ranges  0x0000000000000040       0x20 ../libopencm3/lib/libopencm3_stm32f7.a(gpio_common_f0234.o)
 .debug_ranges  0x0000000000000060      0x138 ../libopencm3/lib/libopencm3_stm32f7.a(rcc.o)
 .debug_ranges  0x0000000000000198       0x50 ../libopencm3/lib/libopencm3_stm32f7.a(rcc_common_all.o)
 .debug_ranges  0x00000000000001e8       0x20 ../libopencm3/lib/libopencm3_stm32f7.a(vector.o)

Cross Reference Table

Symbol                                            File
__fini_array_end                                  ../libopencm3/lib/libopencm3_stm32f7.a(vector.o)
__fini_array_start                                ../libopencm3/lib/libopencm3_stm32f7.a(vector.o)
__init_array_end                                  ../libopencm3/lib/libopencm3_stm32f7.a(vector.o)
__init_array_start                                ../libopencm3/lib/libopencm3_stm32f7.a(vector.o)
__preinit_array_end                               ../libopencm3/lib/libopencm3_stm32f7.a(vector.o)
__preinit_array_start                             ../libopencm3/lib/libopencm3_stm32f7.a(vector.o)
_data                                             ../libopencm3/lib/libopencm3_stm32f7.a(vector.o)
_data_loadaddr                                    ../libopencm3/lib/libopencm3_stm32f7.a(vector.o)
_ebss                                             ../libopencm3/lib/libopencm3_stm32f7.a(vector.o)
_edata                                            ../libopencm3/lib/libopencm3_stm32f7.a(vector.o)
_stack                                            ../libopencm3/lib/libopencm3_stm32f7.a(vector.o)
adc_isr                                           ../libopencm3/lib/libopencm3_stm32f7.a(vector.o)
blocking_handler                                  ../libopencm3/lib/libopencm3_stm32f7.a(vector.o)
bus_fault_handler                                 ../libopencm3/lib/libopencm3_stm32f7.a(vector.o)
can1_rx0_isr                                      ../libopencm3/lib/libopencm3_stm32f7.a(vector.o)
can1_rx1_isr                                      ../libopencm3/lib/libopencm3_stm32f7.a(vector.o)
can1_sce_isr                                      ../libopencm3/lib/libopencm3_stm32f7.a(vector.o)
can1_tx_isr                                       ../libopencm3/lib/libopencm3_stm32f7.a(vector.o)
can2_rx0_isr                                      ../libopencm3/lib/libopencm3_stm32f7.a(vector.o)
can2_rx1_isr                                      ../libopencm3/lib/libopencm3_stm32f7.a(vector.o)
can2_sce_isr                                      ../libopencm3/lib/libopencm3_stm32f7.a(vector.o)
can2_tx_isr                                       ../libopencm3/lib/libopencm3_stm32f7.a(vector.o)
cm3_assert_failed                                 ../libopencm3/lib/libopencm3_stm32f7.a(assert.o)
                                                  ../libopencm3/lib/libopencm3_stm32f7.a(rcc.o)
cm3_assert_failed_verbose                         ../libopencm3/lib/libopencm3_stm32f7.a(assert.o)
cryp_isr                                          ../libopencm3/lib/libopencm3_stm32f7.a(vector.o)
dcmi_isr                                          ../libopencm3/lib/libopencm3_stm32f7.a(vector.o)
debug_monitor_handler                             ../libopencm3/lib/libopencm3_stm32f7.a(vector.o)
dfsdm1_flt0_isr                                   ../libopencm3/lib/libopencm3_stm32f7.a(vector.o)
dfsdm1_flt1_isr                                   ../libopencm3/lib/libopencm3_stm32f7.a(vector.o)
dfsdm1_flt2_isr                                   ../libopencm3/lib/libopencm3_stm32f7.a(vector.o)
dfsdm1_flt3_isr                                   ../libopencm3/lib/libopencm3_stm32f7.a(vector.o)
dma1_stream0_isr                                  ../libopencm3/lib/libopencm3_stm32f7.a(vector.o)
dma1_stream1_isr                                  ../libopencm3/lib/libopencm3_stm32f7.a(vector.o)
dma1_stream2_isr                                  ../libopencm3/lib/libopencm3_stm32f7.a(vector.o)
dma1_stream3_isr                                  ../libopencm3/lib/libopencm3_stm32f7.a(vector.o)
dma1_stream4_isr                                  ../libopencm3/lib/libopencm3_stm32f7.a(vector.o)
dma1_stream5_isr                                  ../libopencm3/lib/libopencm3_stm32f7.a(vector.o)
dma1_stream6_isr                                  ../libopencm3/lib/libopencm3_stm32f7.a(vector.o)
dma1_stream7_isr                                  ../libopencm3/lib/libopencm3_stm32f7.a(vector.o)
dma2_stream0_isr                                  ../libopencm3/lib/libopencm3_stm32f7.a(vector.o)
dma2_stream1_isr                                  ../libopencm3/lib/libopencm3_stm32f7.a(vector.o)
dma2_stream2_isr                                  ../libopencm3/lib/libopencm3_stm32f7.a(vector.o)
dma2_stream3_isr                                  ../libopencm3/lib/libopencm3_stm32f7.a(vector.o)
dma2_stream4_isr                                  ../libopencm3/lib/libopencm3_stm32f7.a(vector.o)
dma2_stream5_isr                                  ../libopencm3/lib/libopencm3_stm32f7.a(vector.o)
dma2_stream6_isr                                  ../libopencm3/lib/libopencm3_stm32f7.a(vector.o)
dma2_stream7_isr                                  ../libopencm3/lib/libopencm3_stm32f7.a(vector.o)
dma2d_isr                                         ../libopencm3/lib/libopencm3_stm32f7.a(vector.o)
dsihost_isr                                       ../libopencm3/lib/libopencm3_stm32f7.a(vector.o)
eth_isr                                           ../libopencm3/lib/libopencm3_stm32f7.a(vector.o)
eth_wkup_isr                                      ../libopencm3/lib/libopencm3_stm32f7.a(vector.o)
exti0_isr                                         ../libopencm3/lib/libopencm3_stm32f7.a(vector.o)
exti15_10_isr                                     ../libopencm3/lib/libopencm3_stm32f7.a(vector.o)
exti1_isr                                         ../libopencm3/lib/libopencm3_stm32f7.a(vector.o)
exti2_isr                                         ../libopencm3/lib/libopencm3_stm32f7.a(vector.o)
exti3_isr                                         ../libopencm3/lib/libopencm3_stm32f7.a(vector.o)
exti4_isr                                         ../libopencm3/lib/libopencm3_stm32f7.a(vector.o)
exti9_5_isr                                       ../libopencm3/lib/libopencm3_stm32f7.a(vector.o)
flash_art_enable                                  ../libopencm3/lib/libopencm3_stm32f7.a(flash.o)
                                                  ../libopencm3/lib/libopencm3_stm32f7.a(rcc.o)
flash_art_reset                                   ../libopencm3/lib/libopencm3_stm32f7.a(flash.o)
flash_clear_eop_flag                              ../libopencm3/lib/libopencm3_stm32f7.a(flash_common_f.o)
                                                  ../libopencm3/lib/libopencm3_stm32f7.a(flash.o)
flash_clear_erserr_flag                           ../libopencm3/lib/libopencm3_stm32f7.a(flash.o)
flash_clear_pgaerr_flag                           ../libopencm3/lib/libopencm3_stm32f7.a(flash_common_f24.o)
                                                  ../libopencm3/lib/libopencm3_stm32f7.a(flash.o)
flash_clear_pgperr_flag                           ../libopencm3/lib/libopencm3_stm32f7.a(flash_common_f24.o)
                                                  ../libopencm3/lib/libopencm3_stm32f7.a(flash.o)
flash_clear_status_flags                          ../libopencm3/lib/libopencm3_stm32f7.a(flash.o)
flash_clear_wrperr_flag                           ../libopencm3/lib/libopencm3_stm32f7.a(flash_common_f24.o)
                                                  ../libopencm3/lib/libopencm3_stm32f7.a(flash.o)
flash_erase_all_sectors                           ../libopencm3/lib/libopencm3_stm32f7.a(flash_common_f24.o)
flash_erase_sector                                ../libopencm3/lib/libopencm3_stm32f7.a(flash_common_f24.o)
flash_isr                                         ../libopencm3/lib/libopencm3_stm32f7.a(vector.o)
flash_lock                                        ../libopencm3/lib/libopencm3_stm32f7.a(flash_common_f.o)
flash_lock_option_bytes                           ../libopencm3/lib/libopencm3_stm32f7.a(flash_common_f24.o)
flash_prefetch_disable                            ../libopencm3/lib/libopencm3_stm32f7.a(flash_common_all.o)
flash_prefetch_enable                             ../libopencm3/lib/libopencm3_stm32f7.a(flash_common_all.o)
                                                  ../libopencm3/lib/libopencm3_stm32f7.a(rcc.o)
flash_program                                     ../libopencm3/lib/libopencm3_stm32f7.a(flash_common_f24.o)
flash_program_byte                                ../libopencm3/lib/libopencm3_stm32f7.a(flash_common_f24.o)
flash_program_double_word                         ../libopencm3/lib/libopencm3_stm32f7.a(flash_common_f24.o)
flash_program_half_word                           ../libopencm3/lib/libopencm3_stm32f7.a(flash_common_f24.o)
flash_program_option_bytes                        ../libopencm3/lib/libopencm3_stm32f7.a(flash_common_f24.o)
flash_program_word                                ../libopencm3/lib/libopencm3_stm32f7.a(flash_common_f24.o)
flash_set_ws                                      ../libopencm3/lib/libopencm3_stm32f7.a(flash_common_all.o)
                                                  ../libopencm3/lib/libopencm3_stm32f7.a(rcc.o)
flash_unlock                                      ../libopencm3/lib/libopencm3_stm32f7.a(flash_common_f.o)
flash_unlock_option_bytes                         ../libopencm3/lib/libopencm3_stm32f7.a(flash_common_all.o)
                                                  ../libopencm3/lib/libopencm3_stm32f7.a(flash_common_f24.o)
flash_wait_for_last_operation                     ../libopencm3/lib/libopencm3_stm32f7.a(flash.o)
                                                  ../libopencm3/lib/libopencm3_stm32f7.a(flash_common_f24.o)
fpu_isr                                           ../libopencm3/lib/libopencm3_stm32f7.a(vector.o)
fsmc_isr                                          ../libopencm3/lib/libopencm3_stm32f7.a(vector.o)
gpio_clear                                        ../libopencm3/lib/libopencm3_stm32f7.a(gpio_common_all.o)
gpio_get                                          ../libopencm3/lib/libopencm3_stm32f7.a(gpio_common_all.o)
gpio_mode_setup                                   ../libopencm3/lib/libopencm3_stm32f7.a(gpio_common_f0234.o)
                                                  src/app.o
gpio_port_config_lock                             ../libopencm3/lib/libopencm3_stm32f7.a(gpio_common_all.o)
gpio_port_read                                    ../libopencm3/lib/libopencm3_stm32f7.a(gpio_common_all.o)
gpio_port_write                                   ../libopencm3/lib/libopencm3_stm32f7.a(gpio_common_all.o)
gpio_set                                          ../libopencm3/lib/libopencm3_stm32f7.a(gpio_common_all.o)
gpio_set_af                                       ../libopencm3/lib/libopencm3_stm32f7.a(gpio_common_f0234.o)
gpio_set_output_options                           ../libopencm3/lib/libopencm3_stm32f7.a(gpio_common_f0234.o)
gpio_toggle                                       ../libopencm3/lib/libopencm3_stm32f7.a(gpio_common_all.o)
                                                  src/app.o
hard_fault_handler                                ../libopencm3/lib/libopencm3_stm32f7.a(vector.o)
hash_rng_isr                                      ../libopencm3/lib/libopencm3_stm32f7.a(vector.o)
hdmi_cec_isr                                      ../libopencm3/lib/libopencm3_stm32f7.a(vector.o)
i2c1_er_isr                                       ../libopencm3/lib/libopencm3_stm32f7.a(vector.o)
i2c1_ev_isr                                       ../libopencm3/lib/libopencm3_stm32f7.a(vector.o)
i2c2_er_isr                                       ../libopencm3/lib/libopencm3_stm32f7.a(vector.o)
i2c2_ev_isr                                       ../libopencm3/lib/libopencm3_stm32f7.a(vector.o)
i2c3_er_isr                                       ../libopencm3/lib/libopencm3_stm32f7.a(vector.o)
i2c3_ev_isr                                       ../libopencm3/lib/libopencm3_stm32f7.a(vector.o)
i2c4_er_isr                                       ../libopencm3/lib/libopencm3_stm32f7.a(vector.o)
i2c4_ev_isr                                       ../libopencm3/lib/libopencm3_stm32f7.a(vector.o)
lcd_tft_err_isr                                   ../libopencm3/lib/libopencm3_stm32f7.a(vector.o)
lcd_tft_isr                                       ../libopencm3/lib/libopencm3_stm32f7.a(vector.o)
lp_timer1_isr                                     ../libopencm3/lib/libopencm3_stm32f7.a(vector.o)
main                                              src/app.o
                                                  ../libopencm3/lib/libopencm3_stm32f7.a(vector.o)
mem_manage_handler                                ../libopencm3/lib/libopencm3_stm32f7.a(vector.o)
nmi_handler                                       ../libopencm3/lib/libopencm3_stm32f7.a(vector.o)
null_handler                                      ../libopencm3/lib/libopencm3_stm32f7.a(vector.o)
nvic_wwdg_isr                                     ../libopencm3/lib/libopencm3_stm32f7.a(vector.o)
otg_fs_isr                                        ../libopencm3/lib/libopencm3_stm32f7.a(vector.o)
otg_hs_ep1_in_isr                                 ../libopencm3/lib/libopencm3_stm32f7.a(vector.o)
otg_hs_ep1_out_isr                                ../libopencm3/lib/libopencm3_stm32f7.a(vector.o)
otg_hs_isr                                        ../libopencm3/lib/libopencm3_stm32f7.a(vector.o)
otg_hs_wkup_isr                                   ../libopencm3/lib/libopencm3_stm32f7.a(vector.o)
pend_sv_handler                                   ../libopencm3/lib/libopencm3_stm32f7.a(vector.o)
pvd_isr                                           ../libopencm3/lib/libopencm3_stm32f7.a(vector.o)
pwr_disable_overdrive                             ../libopencm3/lib/libopencm3_stm32f7.a(pwr.o)
pwr_enable_overdrive                              ../libopencm3/lib/libopencm3_stm32f7.a(pwr.o)
                                                  ../libopencm3/lib/libopencm3_stm32f7.a(rcc.o)
pwr_set_vos_scale                                 ../libopencm3/lib/libopencm3_stm32f7.a(pwr.o)
                                                  ../libopencm3/lib/libopencm3_stm32f7.a(rcc.o)
quadspi_isr                                       ../libopencm3/lib/libopencm3_stm32f7.a(vector.o)
rcc_3v3                                           ../libopencm3/lib/libopencm3_stm32f7.a(rcc.o)
                                                  src/app.o
rcc_ahb_frequency                                 ../libopencm3/lib/libopencm3_stm32f7.a(rcc.o)
rcc_apb1_frequency                                ../libopencm3/lib/libopencm3_stm32f7.a(rcc.o)
rcc_apb2_frequency                                ../libopencm3/lib/libopencm3_stm32f7.a(rcc.o)
rcc_clock_setup_hse                               ../libopencm3/lib/libopencm3_stm32f7.a(rcc.o)
rcc_clock_setup_hsi                               ../libopencm3/lib/libopencm3_stm32f7.a(rcc.o)
rcc_clock_setup_pll                               src/app.o
rcc_css_disable                                   ../libopencm3/lib/libopencm3_stm32f7.a(rcc.o)
rcc_css_enable                                    ../libopencm3/lib/libopencm3_stm32f7.a(rcc.o)
rcc_css_int_clear                                 ../libopencm3/lib/libopencm3_stm32f7.a(rcc.o)
rcc_css_int_flag                                  ../libopencm3/lib/libopencm3_stm32f7.a(rcc.o)
rcc_get_div_from_hpre                             ../libopencm3/lib/libopencm3_stm32f7.a(rcc_common_all.o)
                                                  ../libopencm3/lib/libopencm3_stm32f7.a(rcc.o)
rcc_get_i2c_clk_freq                              ../libopencm3/lib/libopencm3_stm32f7.a(rcc.o)
rcc_get_spi_clk_freq                              ../libopencm3/lib/libopencm3_stm32f7.a(rcc.o)
rcc_get_timer_clk_freq                            ../libopencm3/lib/libopencm3_stm32f7.a(rcc.o)
rcc_get_usart_clk_freq                            ../libopencm3/lib/libopencm3_stm32f7.a(rcc.o)
rcc_isr                                           ../libopencm3/lib/libopencm3_stm32f7.a(vector.o)
rcc_osc_bypass_disable                            ../libopencm3/lib/libopencm3_stm32f7.a(rcc_common_all.o)
rcc_osc_bypass_enable                             ../libopencm3/lib/libopencm3_stm32f7.a(rcc_common_all.o)
rcc_osc_off                                       ../libopencm3/lib/libopencm3_stm32f7.a(rcc.o)
rcc_osc_on                                        ../libopencm3/lib/libopencm3_stm32f7.a(rcc.o)
rcc_osc_ready_int_clear                           ../libopencm3/lib/libopencm3_stm32f7.a(rcc.o)
rcc_osc_ready_int_disable                         ../libopencm3/lib/libopencm3_stm32f7.a(rcc.o)
rcc_osc_ready_int_enable                          ../libopencm3/lib/libopencm3_stm32f7.a(rcc.o)
rcc_osc_ready_int_flag                            ../libopencm3/lib/libopencm3_stm32f7.a(rcc.o)
rcc_periph_clock_disable                          ../libopencm3/lib/libopencm3_stm32f7.a(rcc_common_all.o)
rcc_periph_clock_enable                           ../libopencm3/lib/libopencm3_stm32f7.a(rcc_common_all.o)
                                                  ../libopencm3/lib/libopencm3_stm32f7.a(rcc.o)
                                                  src/app.o
rcc_periph_reset_hold                             ../libopencm3/lib/libopencm3_stm32f7.a(rcc_common_all.o)
rcc_periph_reset_pulse                            ../libopencm3/lib/libopencm3_stm32f7.a(rcc_common_all.o)
rcc_periph_reset_release                          ../libopencm3/lib/libopencm3_stm32f7.a(rcc_common_all.o)
rcc_peripheral_clear_reset                        ../libopencm3/lib/libopencm3_stm32f7.a(rcc_common_all.o)
rcc_peripheral_disable_clock                      ../libopencm3/lib/libopencm3_stm32f7.a(rcc_common_all.o)
rcc_peripheral_enable_clock                       ../libopencm3/lib/libopencm3_stm32f7.a(rcc_common_all.o)
rcc_peripheral_reset                              ../libopencm3/lib/libopencm3_stm32f7.a(rcc_common_all.o)
rcc_set_hpre                                      ../libopencm3/lib/libopencm3_stm32f7.a(rcc.o)
rcc_set_main_pll_hse                              ../libopencm3/lib/libopencm3_stm32f7.a(rcc.o)
rcc_set_main_pll_hsi                              ../libopencm3/lib/libopencm3_stm32f7.a(rcc.o)
rcc_set_mco                                       ../libopencm3/lib/libopencm3_stm32f7.a(rcc_common_all.o)
rcc_set_pll_source                                ../libopencm3/lib/libopencm3_stm32f7.a(rcc.o)
rcc_set_ppre1                                     ../libopencm3/lib/libopencm3_stm32f7.a(rcc.o)
rcc_set_ppre2                                     ../libopencm3/lib/libopencm3_stm32f7.a(rcc.o)
rcc_set_rtcpre                                    ../libopencm3/lib/libopencm3_stm32f7.a(rcc.o)
rcc_set_sysclk_source                             ../libopencm3/lib/libopencm3_stm32f7.a(rcc.o)
rcc_system_clock_source                           ../libopencm3/lib/libopencm3_stm32f7.a(rcc.o)
rcc_wait_for_osc_ready                            ../libopencm3/lib/libopencm3_stm32f7.a(rcc.o)
rcc_wait_for_sysclk_status                        ../libopencm3/lib/libopencm3_stm32f7.a(rcc.o)
reset_handler                                     ../libopencm3/lib/libopencm3_stm32f7.a(vector.o)
rtc_alarm_isr                                     ../libopencm3/lib/libopencm3_stm32f7.a(vector.o)
rtc_wkup_isr                                      ../libopencm3/lib/libopencm3_stm32f7.a(vector.o)
sai1_isr                                          ../libopencm3/lib/libopencm3_stm32f7.a(vector.o)
sai2_isr                                          ../libopencm3/lib/libopencm3_stm32f7.a(vector.o)
sdmmc1_isr                                        ../libopencm3/lib/libopencm3_stm32f7.a(vector.o)
sdmmc2_isr                                        ../libopencm3/lib/libopencm3_stm32f7.a(vector.o)
spdifrx_isr                                       ../libopencm3/lib/libopencm3_stm32f7.a(vector.o)
spi1_isr                                          ../libopencm3/lib/libopencm3_stm32f7.a(vector.o)
spi2_isr                                          ../libopencm3/lib/libopencm3_stm32f7.a(vector.o)
spi3_isr                                          ../libopencm3/lib/libopencm3_stm32f7.a(vector.o)
spi4_isr                                          ../libopencm3/lib/libopencm3_stm32f7.a(vector.o)
spi5_isr                                          ../libopencm3/lib/libopencm3_stm32f7.a(vector.o)
spi6_isr                                          ../libopencm3/lib/libopencm3_stm32f7.a(vector.o)
sv_call_handler                                   ../libopencm3/lib/libopencm3_stm32f7.a(vector.o)
sys_tick_handler                                  ../libopencm3/lib/libopencm3_stm32f7.a(vector.o)
tamp_stamp_isr                                    ../libopencm3/lib/libopencm3_stm32f7.a(vector.o)
tim1_brk_tim9_isr                                 ../libopencm3/lib/libopencm3_stm32f7.a(vector.o)
tim1_cc_isr                                       ../libopencm3/lib/libopencm3_stm32f7.a(vector.o)
tim1_trg_com_tim11_isr                            ../libopencm3/lib/libopencm3_stm32f7.a(vector.o)
tim1_up_tim10_isr                                 ../libopencm3/lib/libopencm3_stm32f7.a(vector.o)
tim2_isr                                          ../libopencm3/lib/libopencm3_stm32f7.a(vector.o)
tim3_isr                                          ../libopencm3/lib/libopencm3_stm32f7.a(vector.o)
tim4_isr                                          ../libopencm3/lib/libopencm3_stm32f7.a(vector.o)
tim5_isr                                          ../libopencm3/lib/libopencm3_stm32f7.a(vector.o)
tim6_dac_isr                                      ../libopencm3/lib/libopencm3_stm32f7.a(vector.o)
tim7_isr                                          ../libopencm3/lib/libopencm3_stm32f7.a(vector.o)
tim8_brk_tim12_isr                                ../libopencm3/lib/libopencm3_stm32f7.a(vector.o)
tim8_cc_isr                                       ../libopencm3/lib/libopencm3_stm32f7.a(vector.o)
tim8_trg_com_tim14_isr                            ../libopencm3/lib/libopencm3_stm32f7.a(vector.o)
tim8_up_tim13_isr                                 ../libopencm3/lib/libopencm3_stm32f7.a(vector.o)
uart4_isr                                         ../libopencm3/lib/libopencm3_stm32f7.a(vector.o)
uart5_isr                                         ../libopencm3/lib/libopencm3_stm32f7.a(vector.o)
uart7_isr                                         ../libopencm3/lib/libopencm3_stm32f7.a(vector.o)
uart8_isr                                         ../libopencm3/lib/libopencm3_stm32f7.a(vector.o)
usage_fault_handler                               ../libopencm3/lib/libopencm3_stm32f7.a(vector.o)
usart1_isr                                        ../libopencm3/lib/libopencm3_stm32f7.a(vector.o)
usart2_isr                                        ../libopencm3/lib/libopencm3_stm32f7.a(vector.o)
usart3_isr                                        ../libopencm3/lib/libopencm3_stm32f7.a(vector.o)
usart6_isr                                        ../libopencm3/lib/libopencm3_stm32f7.a(vector.o)
usb_fs_wkup_isr                                   ../libopencm3/lib/libopencm3_stm32f7.a(vector.o)
vector_table                                      ../libopencm3/lib/libopencm3_stm32f7.a(vector.o)
